2024-07-22 21:55:13 LogWrapper init() ./logs/AUD_USD.log
2024-07-22 21:55:13 {'n_ma': 12, 'n_std': 2.5, 'maxspread': 0.0004, 'mingain': 0.0006, 'riskreward': 1.5}
2024-07-22 21:55:15 CandleManager() init last_candle:last_candle:24-07-22 21:50 is_ready:False
2024-07-22 22:00:03 CandleManager() new candle:last_candle:24-07-22 21:55 is_ready:True
2024-07-22 22:00:07 tech_manager: max_rows:213 candle_time:2024-07-22 21:55:00+00:00 granularity:M5
2024-07-22 22:00:07 process_candles:
        PAIR                      time    mid_c    mid_o   SL   TP   SPREAD      GAIN     LOSS  SIGNAL  DECISION     HIST_DIFF
206  AUD_USD 2024-07-22 21:30:00+00:00  0.66435  0.66432  0.0  0.0  0.00020  0.697568  0.66435       0         0  8.111563e-07
207  AUD_USD 2024-07-22 21:35:00+00:00  0.66434  0.66433  0.0  0.0  0.00021  0.697557  0.66434       0         0 -1.226577e-06
208  AUD_USD 2024-07-22 21:40:00+00:00  0.66439  0.66434  0.0  0.0  0.00022  0.697610  0.66439       0         0 -1.111146e-06
209  AUD_USD 2024-07-22 21:45:00+00:00  0.66442  0.66438  0.0  0.0  0.00021  0.697641  0.66442       0         0  8.008449e-06
210  AUD_USD 2024-07-22 21:50:00+00:00  0.66431  0.66440  0.0  0.0  0.00018  0.697526  0.66431       0         0  4.406416e-06
2024-07-22 22:05:07 CandleManager() new candle:last_candle:24-07-22 22:00 is_ready:True
2024-07-22 22:05:11 tech_manager: max_rows:213 candle_time:2024-07-22 22:00:00+00:00 granularity:M5
2024-07-22 22:05:12 process_candles:
        PAIR                      time    mid_c    mid_o   SL   TP   SPREAD      GAIN     LOSS  SIGNAL  DECISION  HIST_DIFF
207  AUD_USD 2024-07-22 21:35:00+00:00  0.66434  0.66433  0.0  0.0  0.00021  0.697557  0.66434       0         0  -0.000001
208  AUD_USD 2024-07-22 21:40:00+00:00  0.66439  0.66434  0.0  0.0  0.00022  0.697610  0.66439       0         0  -0.000001
209  AUD_USD 2024-07-22 21:45:00+00:00  0.66442  0.66438  0.0  0.0  0.00021  0.697641  0.66442       0         0   0.000008
210  AUD_USD 2024-07-22 21:50:00+00:00  0.66431  0.66440  0.0  0.0  0.00018  0.697526  0.66431       0         0   0.000004
211  AUD_USD 2024-07-22 21:55:00+00:00  0.66434  0.66430  0.0  0.0  0.00016  0.697557  0.66434       0         0   0.000004
2024-07-22 22:10:12 CandleManager() new candle:last_candle:24-07-22 22:05 is_ready:True
2024-07-22 22:10:15 tech_manager: max_rows:213 candle_time:2024-07-22 22:05:00+00:00 granularity:M5
2024-07-22 22:10:16 process_candles:
        PAIR                      time    mid_c    mid_o   SL   TP   SPREAD      GAIN     LOSS  SIGNAL  DECISION     HIST_DIFF
206  AUD_USD 2024-07-22 21:40:00+00:00  0.66439  0.66434  0.0  0.0  0.00022  0.697610  0.66439       0         0 -1.111147e-06
207  AUD_USD 2024-07-22 21:45:00+00:00  0.66442  0.66438  0.0  0.0  0.00021  0.697641  0.66442       0         0  8.008447e-06
208  AUD_USD 2024-07-22 21:50:00+00:00  0.66431  0.66440  0.0  0.0  0.00018  0.697526  0.66431       0         0  4.406415e-06
209  AUD_USD 2024-07-22 21:55:00+00:00  0.66434  0.66430  0.0  0.0  0.00016  0.697557  0.66434       0         0  3.858496e-06
210  AUD_USD 2024-07-22 22:00:00+00:00  0.66434  0.66434  0.0  0.0  0.00012  0.697557  0.66434       0         0  7.775300e-07
2024-07-22 22:15:02 CandleManager() new candle:last_candle:24-07-22 22:10 is_ready:True
2024-07-22 22:15:04 tech_manager: max_rows:213 candle_time:2024-07-22 22:10:00+00:00 granularity:M5
2024-07-22 22:15:04 process_candles:
        PAIR                      time    mid_c    mid_o   SL   TP   SPREAD      GAIN     LOSS  SIGNAL  DECISION     HIST_DIFF
206  AUD_USD 2024-07-22 21:45:00+00:00  0.66442  0.66438  0.0  0.0  0.00021  0.697641  0.66442       0         0  8.008446e-06
207  AUD_USD 2024-07-22 21:50:00+00:00  0.66431  0.66440  0.0  0.0  0.00018  0.697526  0.66431       0         0  4.406414e-06
208  AUD_USD 2024-07-22 21:55:00+00:00  0.66434  0.66430  0.0  0.0  0.00016  0.697557  0.66434       0         0  3.858495e-06
209  AUD_USD 2024-07-22 22:00:00+00:00  0.66434  0.66434  0.0  0.0  0.00012  0.697557  0.66434       0         0  7.775292e-07
210  AUD_USD 2024-07-22 22:05:00+00:00  0.66438  0.66434  0.0  0.0  0.00011  0.697599  0.66438       0         0  2.650401e-06
2024-07-22 22:20:15 CandleManager() new candle:last_candle:24-07-22 22:15 is_ready:True
2024-07-22 22:20:17 tech_manager: max_rows:213 candle_time:2024-07-22 22:15:00+00:00 granularity:M5
2024-07-22 22:20:17 process_candles:
        PAIR                      time    mid_c    mid_o   SL   TP   SPREAD      GAIN     LOSS  SIGNAL  DECISION     HIST_DIFF
206  AUD_USD 2024-07-22 21:50:00+00:00  0.66431  0.66440  0.0  0.0  0.00018  0.697526  0.66431       0         0  4.406413e-06
207  AUD_USD 2024-07-22 21:55:00+00:00  0.66434  0.66430  0.0  0.0  0.00016  0.697557  0.66434       0         0  3.858495e-06
208  AUD_USD 2024-07-22 22:00:00+00:00  0.66434  0.66434  0.0  0.0  0.00012  0.697557  0.66434       0         0  7.775284e-07
209  AUD_USD 2024-07-22 22:05:00+00:00  0.66438  0.66434  0.0  0.0  0.00011  0.697599  0.66438       0         0  2.650400e-06
210  AUD_USD 2024-07-22 22:10:00+00:00  0.66436  0.66438  0.0  0.0  0.00015  0.697578  0.66436       0         0  3.694961e-06
