2024-07-22 21:55:13 LogWrapper init() ./logs/EUR_CHF.log
2024-07-22 21:55:13 {'n_ma': 12, 'n_std': 2.5, 'maxspread': 0.0004, 'mingain': 0.0006, 'riskreward': 1.5}
2024-07-22 21:55:15 CandleManager() init last_candle:last_candle:24-07-22 21:50 is_ready:False
2024-07-22 22:00:02 CandleManager() new candle:last_candle:24-07-22 21:55 is_ready:True
2024-07-22 22:00:04 tech_manager: max_rows:213 candle_time:2024-07-22 21:55:00+00:00 granularity:M5
2024-07-22 22:00:04 process_candles:
        PAIR                      time    mid_c    mid_o   SL   TP   SPREAD      GAIN     LOSS  SIGNAL  DECISION  HIST_DIFF
206  EUR_CHF 2024-07-22 21:30:00+00:00  0.96857  0.96848  0.0  0.0  0.00082  1.016999  0.96857       0         0  -0.000010
207  EUR_CHF 2024-07-22 21:35:00+00:00  0.96860  0.96856  0.0  0.0  0.00071  1.017030  0.96860       0         0  -0.000007
208  EUR_CHF 2024-07-22 21:40:00+00:00  0.96860  0.96860  0.0  0.0  0.00069  1.017030  0.96860       0         0  -0.000008
209  EUR_CHF 2024-07-22 21:45:00+00:00  0.96866  0.96863  0.0  0.0  0.00057  1.017093  0.96866       0         0  -0.000012
210  EUR_CHF 2024-07-22 21:50:00+00:00  0.96878  0.96865  0.0  0.0  0.00042  1.017219  0.96878       0         0  -0.000005
2024-07-22 22:05:06 CandleManager() new candle:last_candle:24-07-22 22:00 is_ready:True
2024-07-22 22:05:08 tech_manager: max_rows:213 candle_time:2024-07-22 22:00:00+00:00 granularity:M5
2024-07-22 22:05:08 process_candles:
        PAIR                      time    mid_c    mid_o   SL   TP   SPREAD      GAIN     LOSS  SIGNAL  DECISION  HIST_DIFF
206  EUR_CHF 2024-07-22 21:35:00+00:00  0.96860  0.96856  0.0  0.0  0.00071  1.017030  0.96860       0         0  -0.000007
207  EUR_CHF 2024-07-22 21:40:00+00:00  0.96860  0.96860  0.0  0.0  0.00069  1.017030  0.96860       0         0  -0.000008
208  EUR_CHF 2024-07-22 21:45:00+00:00  0.96866  0.96863  0.0  0.0  0.00057  1.017093  0.96866       0         0  -0.000012
209  EUR_CHF 2024-07-22 21:50:00+00:00  0.96878  0.96865  0.0  0.0  0.00042  1.017219  0.96878       0         0  -0.000005
210  EUR_CHF 2024-07-22 21:55:00+00:00  0.96876  0.96878  0.0  0.0  0.00044  1.017198  0.96876       0         0  -0.000011
2024-07-22 22:10:10 CandleManager() new candle:last_candle:24-07-22 22:05 is_ready:True
2024-07-22 22:10:12 tech_manager: max_rows:213 candle_time:2024-07-22 22:05:00+00:00 granularity:M5
2024-07-22 22:10:13 process_candles:
        PAIR                      time    mid_c    mid_o   SL   TP   SPREAD      GAIN     LOSS  SIGNAL  DECISION  HIST_DIFF
206  EUR_CHF 2024-07-22 21:40:00+00:00  0.96860  0.96860  0.0  0.0  0.00069  1.017030  0.96860       0         0  -0.000008
207  EUR_CHF 2024-07-22 21:45:00+00:00  0.96866  0.96863  0.0  0.0  0.00057  1.017093  0.96866       0         0  -0.000012
208  EUR_CHF 2024-07-22 21:50:00+00:00  0.96878  0.96865  0.0  0.0  0.00042  1.017219  0.96878       0         0  -0.000005
209  EUR_CHF 2024-07-22 21:55:00+00:00  0.96876  0.96878  0.0  0.0  0.00044  1.017198  0.96876       0         0  -0.000011
210  EUR_CHF 2024-07-22 22:00:00+00:00  0.96890  0.96874  0.0  0.0  0.00030  1.017345  0.96890       0         0  -0.000005
2024-07-22 22:15:00 CandleManager() new candle:last_candle:24-07-22 22:10 is_ready:True
2024-07-22 22:15:02 tech_manager: max_rows:213 candle_time:2024-07-22 22:10:00+00:00 granularity:M5
2024-07-22 22:15:02 process_candles:
        PAIR                      time    mid_c    mid_o   SL   TP   SPREAD      GAIN     LOSS  SIGNAL  DECISION  HIST_DIFF
206  EUR_CHF 2024-07-22 21:45:00+00:00  0.96866  0.96863  0.0  0.0  0.00057  1.017093  0.96866       0         0  -0.000012
207  EUR_CHF 2024-07-22 21:50:00+00:00  0.96878  0.96865  0.0  0.0  0.00042  1.017219  0.96878       0         0  -0.000005
208  EUR_CHF 2024-07-22 21:55:00+00:00  0.96876  0.96878  0.0  0.0  0.00044  1.017198  0.96876       0         0  -0.000011
209  EUR_CHF 2024-07-22 22:00:00+00:00  0.96890  0.96874  0.0  0.0  0.00030  1.017345  0.96890       0         0  -0.000005
210  EUR_CHF 2024-07-22 22:05:00+00:00  0.96890  0.96888  0.0  0.0  0.00022  1.017345  0.96890       0         0  -0.000008
2024-07-22 22:20:13 CandleManager() new candle:last_candle:24-07-22 22:15 is_ready:True
2024-07-22 22:20:15 tech_manager: max_rows:213 candle_time:2024-07-22 22:15:00+00:00 granularity:M5
2024-07-22 22:20:16 process_candles:
        PAIR                      time    mid_c    mid_o   SL   TP   SPREAD      GAIN     LOSS  SIGNAL  DECISION  HIST_DIFF
206  EUR_CHF 2024-07-22 21:50:00+00:00  0.96878  0.96865  0.0  0.0  0.00042  1.017219  0.96878       0         0  -0.000005
207  EUR_CHF 2024-07-22 21:55:00+00:00  0.96876  0.96878  0.0  0.0  0.00044  1.017198  0.96876       0         0  -0.000011
208  EUR_CHF 2024-07-22 22:00:00+00:00  0.96890  0.96874  0.0  0.0  0.00030  1.017345  0.96890       0         0  -0.000005
209  EUR_CHF 2024-07-22 22:05:00+00:00  0.96890  0.96888  0.0  0.0  0.00022  1.017345  0.96890       0         0  -0.000008
210  EUR_CHF 2024-07-22 22:10:00+00:00  0.96902  0.96891  0.0  0.0  0.00013  1.017471  0.96902       0         0  -0.000005
