2024-07-22 21:55:13 LogWrapper init() ./logs/EUR_USD.log
2024-07-22 21:55:13 {'n_ma': 12, 'n_std': 2.5, 'maxspread': 0.0004, 'mingain': 0.0006, 'riskreward': 1.5}
2024-07-22 21:55:15 CandleManager() init last_candle:last_candle:24-07-22 21:50 is_ready:False
2024-07-22 22:00:03 CandleManager() new candle:last_candle:24-07-22 21:55 is_ready:True
2024-07-22 22:00:06 tech_manager: max_rows:213 candle_time:2024-07-22 21:55:00+00:00 granularity:M5
2024-07-22 22:00:06 process_candles:
        PAIR                      time    mid_c    mid_o   SL   TP   SPREAD      GAIN     LOSS  SIGNAL  DECISION  HIST_DIFF
206  EUR_USD 2024-07-22 21:30:00+00:00  1.08903  1.08898  0.0  0.0  0.00034  1.143482  1.08903       0         0  -0.000005
207  EUR_USD 2024-07-22 21:35:00+00:00  1.08912  1.08904  0.0  0.0  0.00028  1.143576  1.08912       0         0  -0.000002
208  EUR_USD 2024-07-22 21:40:00+00:00  1.08912  1.08912  0.0  0.0  0.00028  1.143576  1.08912       0         0  -0.000002
209  EUR_USD 2024-07-22 21:45:00+00:00  1.08916  1.08910  0.0  0.0  0.00025  1.143618  1.08916       0         0   0.000009
210  EUR_USD 2024-07-22 21:50:00+00:00  1.08904  1.08912  0.0  0.0  0.00029  1.143492  1.08904       0         0   0.000004
2024-07-22 22:05:07 CandleManager() new candle:last_candle:24-07-22 22:00 is_ready:True
2024-07-22 22:05:10 tech_manager: max_rows:213 candle_time:2024-07-22 22:00:00+00:00 granularity:M5
2024-07-22 22:05:10 process_candles:
        PAIR                      time    mid_c    mid_o   SL   TP   SPREAD      GAIN     LOSS  SIGNAL  DECISION  HIST_DIFF
207  EUR_USD 2024-07-22 21:35:00+00:00  1.08912  1.08904  0.0  0.0  0.00028  1.143576  1.08912       0         0  -0.000002
208  EUR_USD 2024-07-22 21:40:00+00:00  1.08912  1.08912  0.0  0.0  0.00028  1.143576  1.08912       0         0  -0.000002
209  EUR_USD 2024-07-22 21:45:00+00:00  1.08916  1.08910  0.0  0.0  0.00025  1.143618  1.08916       0         0   0.000009
210  EUR_USD 2024-07-22 21:50:00+00:00  1.08904  1.08912  0.0  0.0  0.00029  1.143492  1.08904       0         0   0.000004
211  EUR_USD 2024-07-22 21:55:00+00:00  1.08908  1.08902  0.0  0.0  0.00028  1.143534  1.08908       0         0  -0.000006
2024-07-22 22:10:11 CandleManager() new candle:last_candle:24-07-22 22:05 is_ready:True
2024-07-22 22:10:14 tech_manager: max_rows:213 candle_time:2024-07-22 22:05:00+00:00 granularity:M5
2024-07-22 22:10:14 process_candles:
        PAIR                      time    mid_c    mid_o   SL   TP   SPREAD      GAIN     LOSS  SIGNAL  DECISION     HIST_DIFF
206  EUR_USD 2024-07-22 21:40:00+00:00  1.08912  1.08912  0.0  0.0  0.00028  1.143576  1.08912       0         0 -1.778108e-06
207  EUR_USD 2024-07-22 21:45:00+00:00  1.08916  1.08910  0.0  0.0  0.00025  1.143618  1.08916       0         0  8.532422e-06
208  EUR_USD 2024-07-22 21:50:00+00:00  1.08904  1.08912  0.0  0.0  0.00029  1.143492  1.08904       0         0  4.379398e-06
209  EUR_USD 2024-07-22 21:55:00+00:00  1.08908  1.08902  0.0  0.0  0.00028  1.143534  1.08908       0         0 -6.078669e-06
210  EUR_USD 2024-07-22 22:00:00+00:00  1.08924  1.08906  0.0  0.0  0.00014  1.143702  1.08924       0         0 -1.430563e-07
2024-07-22 22:15:01 CandleManager() new candle:last_candle:24-07-22 22:10 is_ready:True
2024-07-22 22:15:03 tech_manager: max_rows:213 candle_time:2024-07-22 22:10:00+00:00 granularity:M5
2024-07-22 22:15:03 process_candles:
        PAIR                      time    mid_c    mid_o   SL   TP   SPREAD      GAIN     LOSS  SIGNAL  DECISION     HIST_DIFF
206  EUR_USD 2024-07-22 21:45:00+00:00  1.08916  1.08910  0.0  0.0  0.00025  1.143618  1.08916       0         0  8.532422e-06
207  EUR_USD 2024-07-22 21:50:00+00:00  1.08904  1.08912  0.0  0.0  0.00029  1.143492  1.08904       0         0  4.379398e-06
208  EUR_USD 2024-07-22 21:55:00+00:00  1.08908  1.08902  0.0  0.0  0.00028  1.143534  1.08908       0         0 -6.078669e-06
209  EUR_USD 2024-07-22 22:00:00+00:00  1.08924  1.08906  0.0  0.0  0.00014  1.143702  1.08924       0         0 -1.430564e-07
210  EUR_USD 2024-07-22 22:05:00+00:00  1.08921  1.08922  0.0  0.0  0.00016  1.143671  1.08921       0         0  1.078907e-06
2024-07-22 22:20:14 CandleManager() new candle:last_candle:24-07-22 22:15 is_ready:True
2024-07-22 22:20:16 tech_manager: max_rows:213 candle_time:2024-07-22 22:15:00+00:00 granularity:M5
2024-07-22 22:20:17 process_candles:
        PAIR                      time    mid_c    mid_o   SL   TP   SPREAD      GAIN     LOSS  SIGNAL  DECISION     HIST_DIFF
207  EUR_USD 2024-07-22 21:50:00+00:00  1.08904  1.08912  0.0  0.0  0.00029  1.143492  1.08904       0         0  4.379398e-06
208  EUR_USD 2024-07-22 21:55:00+00:00  1.08908  1.08902  0.0  0.0  0.00028  1.143534  1.08908       0         0 -6.078669e-06
209  EUR_USD 2024-07-22 22:00:00+00:00  1.08924  1.08906  0.0  0.0  0.00014  1.143702  1.08924       0         0 -1.430564e-07
210  EUR_USD 2024-07-22 22:05:00+00:00  1.08921  1.08922  0.0  0.0  0.00016  1.143671  1.08921       0         0  1.078907e-06
211  EUR_USD 2024-07-22 22:10:00+00:00  1.08922  1.08920  0.0  0.0  0.00015  1.143681  1.08922       0         0  3.747165e-06
