2024-07-22 21:55:13 LogWrapper init() ./logs/EUR_GBP.log
2024-07-22 21:55:13 {'n_ma': 12, 'n_std': 2.5, 'maxspread': 0.0004, 'mingain': 0.0006, 'riskreward': 1.5}
2024-07-22 21:55:15 CandleManager() init last_candle:last_candle:24-07-22 21:50 is_ready:False
2024-07-22 22:00:02 CandleManager() new candle:last_candle:24-07-22 21:55 is_ready:True
2024-07-22 22:00:05 tech_manager: max_rows:213 candle_time:2024-07-22 21:55:00+00:00 granularity:M5
2024-07-22 22:00:06 process_candles:
        PAIR                      time    mid_c    mid_o   SL   TP   SPREAD      GAIN     LOSS  SIGNAL  DECISION  HIST_DIFF
206  EUR_GBP 2024-07-22 21:30:00+00:00  0.84209  0.84212  0.0  0.0  0.00038  0.884194  0.84209       0         0  -0.000005
207  EUR_GBP 2024-07-22 21:35:00+00:00  0.84218  0.84213  0.0  0.0  0.00033  0.884289  0.84218       0         0  -0.000004
208  EUR_GBP 2024-07-22 21:40:00+00:00  0.84220  0.84216  0.0  0.0  0.00039  0.884310  0.84220       0         0   0.000004
209  EUR_GBP 2024-07-22 21:45:00+00:00  0.84212  0.84222  0.0  0.0  0.00033  0.884226  0.84212       0         0   0.000006
210  EUR_GBP 2024-07-22 21:50:00+00:00  0.84208  0.84214  0.0  0.0  0.00032  0.884184  0.84208       0         0  -0.000004
2024-07-22 22:05:07 CandleManager() new candle:last_candle:24-07-22 22:00 is_ready:True
2024-07-22 22:05:09 tech_manager: max_rows:213 candle_time:2024-07-22 22:00:00+00:00 granularity:M5
2024-07-22 22:05:10 process_candles:
        PAIR                      time    mid_c    mid_o   SL   TP   SPREAD      GAIN     LOSS  SIGNAL  DECISION  HIST_DIFF
206  EUR_GBP 2024-07-22 21:35:00+00:00  0.84218  0.84213  0.0  0.0  0.00033  0.884289  0.84218       0         0  -0.000004
207  EUR_GBP 2024-07-22 21:40:00+00:00  0.84220  0.84216  0.0  0.0  0.00039  0.884310  0.84220       0         0   0.000004
208  EUR_GBP 2024-07-22 21:45:00+00:00  0.84212  0.84222  0.0  0.0  0.00033  0.884226  0.84212       0         0   0.000006
209  EUR_GBP 2024-07-22 21:50:00+00:00  0.84208  0.84214  0.0  0.0  0.00032  0.884184  0.84208       0         0  -0.000004
210  EUR_GBP 2024-07-22 21:55:00+00:00  0.84220  0.84210  0.0  0.0  0.00031  0.884310  0.84220       0         0  -0.000003
2024-07-22 22:10:11 CandleManager() new candle:last_candle:24-07-22 22:05 is_ready:True
2024-07-22 22:10:14 tech_manager: max_rows:213 candle_time:2024-07-22 22:05:00+00:00 granularity:M5
2024-07-22 22:10:14 process_candles:
        PAIR                      time    mid_c    mid_o   SL   TP   SPREAD      GAIN     LOSS  SIGNAL  DECISION     HIST_DIFF
207  EUR_GBP 2024-07-22 21:40:00+00:00  0.84220  0.84216  0.0  0.0  0.00039  0.884310  0.84220       0         0  3.672865e-06
208  EUR_GBP 2024-07-22 21:45:00+00:00  0.84212  0.84222  0.0  0.0  0.00033  0.884226  0.84212       0         0  5.643613e-06
209  EUR_GBP 2024-07-22 21:50:00+00:00  0.84208  0.84214  0.0  0.0  0.00032  0.884184  0.84208       0         0 -3.575628e-06
210  EUR_GBP 2024-07-22 21:55:00+00:00  0.84220  0.84210  0.0  0.0  0.00031  0.884310  0.84220       0         0 -3.362685e-06
211  EUR_GBP 2024-07-22 22:00:00+00:00  0.84223  0.84216  0.0  0.0  0.00018  0.884342  0.84223       0         0  8.441387e-07
2024-07-22 22:15:15 CandleManager() new candle:last_candle:24-07-22 22:10 is_ready:True
2024-07-22 22:15:17 tech_manager: max_rows:213 candle_time:2024-07-22 22:10:00+00:00 granularity:M5
2024-07-22 22:15:18 process_candles:
        PAIR                      time    mid_c    mid_o   SL   TP   SPREAD      GAIN     LOSS  SIGNAL  DECISION     HIST_DIFF
207  EUR_GBP 2024-07-22 21:45:00+00:00  0.84212  0.84222  0.0  0.0  0.00033  0.884226  0.84212       0         0  5.643613e-06
208  EUR_GBP 2024-07-22 21:50:00+00:00  0.84208  0.84214  0.0  0.0  0.00032  0.884184  0.84208       0         0 -3.575628e-06
209  EUR_GBP 2024-07-22 21:55:00+00:00  0.84220  0.84210  0.0  0.0  0.00031  0.884310  0.84220       0         0 -3.362685e-06
210  EUR_GBP 2024-07-22 22:00:00+00:00  0.84223  0.84216  0.0  0.0  0.00018  0.884342  0.84223       0         0  8.441386e-07
211  EUR_GBP 2024-07-22 22:05:00+00:00  0.84220  0.84224  0.0  0.0  0.00015  0.884310  0.84220       0         0  1.588208e-06
2024-07-22 22:20:14 CandleManager() new candle:last_candle:24-07-22 22:15 is_ready:True
2024-07-22 22:20:16 tech_manager: max_rows:213 candle_time:2024-07-22 22:15:00+00:00 granularity:M5
2024-07-22 22:20:16 process_candles:
        PAIR                      time    mid_c    mid_o   SL   TP   SPREAD      GAIN     LOSS  SIGNAL  DECISION     HIST_DIFF
207  EUR_GBP 2024-07-22 21:50:00+00:00  0.84208  0.84214  0.0  0.0  0.00032  0.884184  0.84208       0         0 -3.575628e-06
208  EUR_GBP 2024-07-22 21:55:00+00:00  0.84220  0.84210  0.0  0.0  0.00031  0.884310  0.84220       0         0 -3.362685e-06
209  EUR_GBP 2024-07-22 22:00:00+00:00  0.84223  0.84216  0.0  0.0  0.00018  0.884342  0.84223       0         0  8.441385e-07
210  EUR_GBP 2024-07-22 22:05:00+00:00  0.84220  0.84224  0.0  0.0  0.00015  0.884310  0.84220       0         0  1.588208e-06
211  EUR_GBP 2024-07-22 22:10:00+00:00  0.84220  0.84218  0.0  0.0  0.00015  0.884310  0.84220       0         0  2.033795e-06
