2024-07-22 21:55:13 LogWrapper init() ./logs/GBP_CHF.log
2024-07-22 21:55:13 {'n_ma': 12, 'n_std': 2.5, 'maxspread': 0.0004, 'mingain': 0.0006, 'riskreward': 1.5}
2024-07-22 21:55:15 CandleManager() init last_candle:last_candle:24-07-22 21:50 is_ready:False
2024-07-22 22:00:02 CandleManager() new candle:last_candle:24-07-22 21:55 is_ready:True
2024-07-22 22:00:04 tech_manager: max_rows:213 candle_time:2024-07-22 21:55:00+00:00 granularity:M5
2024-07-22 22:00:04 process_candles:
        PAIR                      time    mid_c    mid_o   SL   TP   SPREAD      GAIN     LOSS  SIGNAL  DECISION  HIST_DIFF
206  GBP_CHF 2024-07-22 21:30:00+00:00  1.14984  1.14984  0.0  0.0  0.00300  1.207332  1.14984       0         0  -0.000004
207  GBP_CHF 2024-07-22 21:35:00+00:00  1.14990  1.14990  0.0  0.0  0.00294  1.207395  1.14990       0         0   0.000002
208  GBP_CHF 2024-07-22 21:40:00+00:00  1.14978  1.14981  0.0  0.0  0.00300  1.207269  1.14978       0         0  -0.000003
209  GBP_CHF 2024-07-22 21:45:00+00:00  1.14979  1.14975  0.0  0.0  0.00264  1.207280  1.14979       0         0  -0.000065
210  GBP_CHF 2024-07-22 21:50:00+00:00  1.15071  1.14980  0.0  0.0  0.00152  1.208245  1.15071       0         0  -0.000027
2024-07-22 22:05:06 CandleManager() new candle:last_candle:24-07-22 22:00 is_ready:True
2024-07-22 22:05:08 tech_manager: max_rows:213 candle_time:2024-07-22 22:00:00+00:00 granularity:M5
2024-07-22 22:05:08 process_candles:
        PAIR                      time    mid_c    mid_o   SL   TP   SPREAD      GAIN     LOSS  SIGNAL  DECISION  HIST_DIFF
206  GBP_CHF 2024-07-22 21:35:00+00:00  1.14990  1.14990  0.0  0.0  0.00294  1.207395  1.14990       0         0   0.000002
207  GBP_CHF 2024-07-22 21:40:00+00:00  1.14978  1.14981  0.0  0.0  0.00300  1.207269  1.14978       0         0  -0.000003
208  GBP_CHF 2024-07-22 21:45:00+00:00  1.14979  1.14975  0.0  0.0  0.00264  1.207280  1.14979       0         0  -0.000065
209  GBP_CHF 2024-07-22 21:50:00+00:00  1.15071  1.14980  0.0  0.0  0.00152  1.208245  1.15071       0         0  -0.000027
210  GBP_CHF 2024-07-22 21:55:00+00:00  1.15048  1.15072  0.0  0.0  0.00117  1.208004  1.15048       0         0  -0.000013
2024-07-22 22:10:10 CandleManager() new candle:last_candle:24-07-22 22:05 is_ready:True
2024-07-22 22:10:12 tech_manager: max_rows:213 candle_time:2024-07-22 22:05:00+00:00 granularity:M5
2024-07-22 22:10:12 process_candles:
        PAIR                      time    mid_c    mid_o   SL   TP   SPREAD      GAIN     LOSS  SIGNAL  DECISION  HIST_DIFF
206  GBP_CHF 2024-07-22 21:40:00+00:00  1.14978  1.14981  0.0  0.0  0.00300  1.207269  1.14978       0         0  -0.000003
207  GBP_CHF 2024-07-22 21:45:00+00:00  1.14979  1.14975  0.0  0.0  0.00264  1.207280  1.14979       0         0  -0.000065
208  GBP_CHF 2024-07-22 21:50:00+00:00  1.15071  1.14980  0.0  0.0  0.00152  1.208245  1.15071       0         0  -0.000027
209  GBP_CHF 2024-07-22 21:55:00+00:00  1.15048  1.15072  0.0  0.0  0.00117  1.208004  1.15048       0         0  -0.000013
210  GBP_CHF 2024-07-22 22:00:00+00:00  1.15044  1.15042  0.0  0.0  0.00045  1.207962  1.15044       0         0  -0.000008
2024-07-22 22:15:15 CandleManager() new candle:last_candle:24-07-22 22:10 is_ready:True
2024-07-22 22:15:16 tech_manager: max_rows:213 candle_time:2024-07-22 22:10:00+00:00 granularity:M5
2024-07-22 22:15:17 process_candles:
        PAIR                      time    mid_c    mid_o   SL   TP   SPREAD      GAIN     LOSS  SIGNAL  DECISION  HIST_DIFF
206  GBP_CHF 2024-07-22 21:45:00+00:00  1.14979  1.14975  0.0  0.0  0.00264  1.207280  1.14979       0         0  -0.000065
207  GBP_CHF 2024-07-22 21:50:00+00:00  1.15071  1.14980  0.0  0.0  0.00152  1.208245  1.15071       0         0  -0.000027
208  GBP_CHF 2024-07-22 21:55:00+00:00  1.15048  1.15072  0.0  0.0  0.00117  1.208004  1.15048       0         0  -0.000013
209  GBP_CHF 2024-07-22 22:00:00+00:00  1.15044  1.15042  0.0  0.0  0.00045  1.207962  1.15044       0         0  -0.000008
210  GBP_CHF 2024-07-22 22:05:00+00:00  1.15046  1.15043  0.0  0.0  0.00033  1.207983  1.15046       0         0  -0.000013
2024-07-22 22:20:13 CandleManager() new candle:last_candle:24-07-22 22:15 is_ready:True
2024-07-22 22:20:15 tech_manager: max_rows:213 candle_time:2024-07-22 22:15:00+00:00 granularity:M5
2024-07-22 22:20:15 process_candles:
        PAIR                      time    mid_c    mid_o   SL   TP   SPREAD      GAIN     LOSS  SIGNAL  DECISION  HIST_DIFF
206  GBP_CHF 2024-07-22 21:50:00+00:00  1.15071  1.14980  0.0  0.0  0.00152  1.208245  1.15071       0         0  -0.000027
207  GBP_CHF 2024-07-22 21:55:00+00:00  1.15048  1.15072  0.0  0.0  0.00117  1.208004  1.15048       0         0  -0.000013
208  GBP_CHF 2024-07-22 22:00:00+00:00  1.15044  1.15042  0.0  0.0  0.00045  1.207962  1.15044       0         0  -0.000008
209  GBP_CHF 2024-07-22 22:05:00+00:00  1.15046  1.15043  0.0  0.0  0.00033  1.207983  1.15046       0         0  -0.000013
210  GBP_CHF 2024-07-22 22:10:00+00:00  1.15062  1.15048  0.0  0.0  0.00027  1.208151  1.15062       0         0  -0.000008
