2024-07-22 21:55:13 LogWrapper init() ./logs/GBP_USD.log
2024-07-22 21:55:13 {'n_ma': 12, 'n_std': 2.5, 'maxspread': 0.0004, 'mingain': 0.0006, 'riskreward': 1.5}
2024-07-22 21:55:15 CandleManager() init last_candle:last_candle:24-07-22 21:50 is_ready:False
2024-07-22 22:00:02 CandleManager() new candle:last_candle:24-07-22 21:55 is_ready:True
2024-07-22 22:00:05 tech_manager: max_rows:213 candle_time:2024-07-22 21:55:00+00:00 granularity:M5
2024-07-22 22:00:05 process_candles:
        PAIR                      time    mid_c    mid_o   SL   TP   SPREAD      GAIN     LOSS  SIGNAL  DECISION     HIST_DIFF
206  GBP_USD 2024-07-22 21:30:00+00:00  1.29330  1.29314  0.0  0.0  0.00039  1.357965  1.29330       0         0  3.804040e-07
207  GBP_USD 2024-07-22 21:35:00+00:00  1.29324  1.29322  0.0  0.0  0.00035  1.357902  1.29324       0         0  8.874990e-06
208  GBP_USD 2024-07-22 21:40:00+00:00  1.29312  1.29318  0.0  0.0  0.00044  1.357776  1.29312       0         0 -1.638889e-06
209  GBP_USD 2024-07-22 21:45:00+00:00  1.29324  1.29314  0.0  0.0  0.00034  1.357902  1.29324       0         0  3.291399e-06
210  GBP_USD 2024-07-22 21:50:00+00:00  1.29318  1.29321  0.0  0.0  0.00039  1.357839  1.29318       0         0  7.425013e-06
2024-07-22 22:05:06 CandleManager() new candle:last_candle:24-07-22 22:00 is_ready:True
2024-07-22 22:05:09 tech_manager: max_rows:213 candle_time:2024-07-22 22:00:00+00:00 granularity:M5
2024-07-22 22:05:09 process_candles:
        PAIR                      time    mid_c    mid_o   SL   TP   SPREAD      GAIN     LOSS  SIGNAL  DECISION  HIST_DIFF
206  GBP_USD 2024-07-22 21:35:00+00:00  1.29324  1.29322  0.0  0.0  0.00035  1.357902  1.29324       0         0   0.000009
207  GBP_USD 2024-07-22 21:40:00+00:00  1.29312  1.29318  0.0  0.0  0.00044  1.357776  1.29312       0         0  -0.000002
208  GBP_USD 2024-07-22 21:45:00+00:00  1.29324  1.29314  0.0  0.0  0.00034  1.357902  1.29324       0         0   0.000003
209  GBP_USD 2024-07-22 21:50:00+00:00  1.29318  1.29321  0.0  0.0  0.00039  1.357839  1.29318       0         0   0.000007
210  GBP_USD 2024-07-22 21:55:00+00:00  1.29310  1.29312  0.0  0.0  0.00037  1.357755  1.29310       0         0  -0.000007
2024-07-22 22:10:11 CandleManager() new candle:last_candle:24-07-22 22:05 is_ready:True
2024-07-22 22:10:13 tech_manager: max_rows:213 candle_time:2024-07-22 22:05:00+00:00 granularity:M5
2024-07-22 22:10:14 process_candles:
        PAIR                      time    mid_c    mid_o   SL   TP   SPREAD      GAIN     LOSS  SIGNAL  DECISION  HIST_DIFF
206  GBP_USD 2024-07-22 21:40:00+00:00  1.29312  1.29318  0.0  0.0  0.00044  1.357776  1.29312       0         0  -0.000002
207  GBP_USD 2024-07-22 21:45:00+00:00  1.29324  1.29314  0.0  0.0  0.00034  1.357902  1.29324       0         0   0.000003
208  GBP_USD 2024-07-22 21:50:00+00:00  1.29318  1.29321  0.0  0.0  0.00039  1.357839  1.29318       0         0   0.000007
209  GBP_USD 2024-07-22 21:55:00+00:00  1.29310  1.29312  0.0  0.0  0.00037  1.357755  1.29310       0         0  -0.000007
210  GBP_USD 2024-07-22 22:00:00+00:00  1.29328  1.29312  0.0  0.0  0.00017  1.357944  1.29328       0         0  -0.000006
2024-07-22 22:15:15 CandleManager() new candle:last_candle:24-07-22 22:10 is_ready:True
2024-07-22 22:15:17 tech_manager: max_rows:213 candle_time:2024-07-22 22:10:00+00:00 granularity:M5
2024-07-22 22:15:17 process_candles:
        PAIR                      time    mid_c    mid_o   SL   TP   SPREAD      GAIN     LOSS  SIGNAL  DECISION  HIST_DIFF
206  GBP_USD 2024-07-22 21:45:00+00:00  1.29324  1.29314  0.0  0.0  0.00034  1.357902  1.29324       0         0   0.000003
207  GBP_USD 2024-07-22 21:50:00+00:00  1.29318  1.29321  0.0  0.0  0.00039  1.357839  1.29318       0         0   0.000007
208  GBP_USD 2024-07-22 21:55:00+00:00  1.29310  1.29312  0.0  0.0  0.00037  1.357755  1.29310       0         0  -0.000007
209  GBP_USD 2024-07-22 22:00:00+00:00  1.29328  1.29312  0.0  0.0  0.00017  1.357944  1.29328       0         0  -0.000006
210  GBP_USD 2024-07-22 22:05:00+00:00  1.29330  1.29327  0.0  0.0  0.00018  1.357965  1.29330       0         0  -0.000001
2024-07-22 22:20:01 CandleManager() new candle:last_candle:24-07-22 22:15 is_ready:True
2024-07-22 22:20:02 tech_manager: max_rows:213 candle_time:2024-07-22 22:15:00+00:00 granularity:M5
2024-07-22 22:20:02 process_candles:
        PAIR                      time    mid_c    mid_o   SL   TP   SPREAD      GAIN     LOSS  SIGNAL  DECISION  HIST_DIFF
206  GBP_USD 2024-07-22 21:50:00+00:00  1.29318  1.29321  0.0  0.0  0.00039  1.357839  1.29318       0         0   0.000007
207  GBP_USD 2024-07-22 21:55:00+00:00  1.29310  1.29312  0.0  0.0  0.00037  1.357755  1.29310       0         0  -0.000007
208  GBP_USD 2024-07-22 22:00:00+00:00  1.29328  1.29312  0.0  0.0  0.00017  1.357944  1.29328       0         0  -0.000006
209  GBP_USD 2024-07-22 22:05:00+00:00  1.29330  1.29327  0.0  0.0  0.00018  1.357965  1.29330       0         0  -0.000001
210  GBP_USD 2024-07-22 22:10:00+00:00  1.29327  1.29328  0.0  0.0  0.00016  1.357933  1.29327       0         0  -0.000004
