2024-07-22 21:55:13 LogWrapper init() ./logs/GBP_JPY.log
2024-07-22 21:55:13 {'n_ma': 12, 'n_std': 2.5, 'maxspread': 0.04, 'mingain': 0.06, 'riskreward': 1.5}
2024-07-22 21:55:15 CandleManager() init last_candle:last_candle:24-07-22 21:50 is_ready:False
2024-07-22 22:00:02 CandleManager() new candle:last_candle:24-07-22 21:55 is_ready:True
2024-07-22 22:00:04 tech_manager: max_rows:213 candle_time:2024-07-22 21:55:00+00:00 granularity:M5
2024-07-22 22:00:05 process_candles:
        PAIR                      time    mid_c    mid_o   SL   TP  SPREAD       GAIN     LOSS  SIGNAL  DECISION  HIST_DIFF
206  GBP_JPY 2024-07-22 21:30:00+00:00  202.974  202.951  0.0  0.0   0.104  213.12270  202.974       0         0  -0.002746
207  GBP_JPY 2024-07-22 21:35:00+00:00  202.970  202.974  0.0  0.0   0.101  213.11850  202.970       0         0  -0.001796
208  GBP_JPY 2024-07-22 21:40:00+00:00  202.957  202.972  0.0  0.0   0.114  213.10485  202.957       0         0  -0.003373
209  GBP_JPY 2024-07-22 21:45:00+00:00  202.979  202.960  0.0  0.0   0.076  213.12795  202.979       0         0  -0.002103
210  GBP_JPY 2024-07-22 21:50:00+00:00  202.968  202.978  0.0  0.0   0.080  213.11640  202.968       0         0  -0.000898
2024-07-22 22:05:06 CandleManager() new candle:last_candle:24-07-22 22:00 is_ready:True
2024-07-22 22:05:08 tech_manager: max_rows:213 candle_time:2024-07-22 22:00:00+00:00 granularity:M5
2024-07-22 22:05:09 process_candles:
        PAIR                      time    mid_c    mid_o   SL   TP  SPREAD       GAIN     LOSS  SIGNAL  DECISION  HIST_DIFF
206  GBP_JPY 2024-07-22 21:35:00+00:00  202.970  202.974  0.0  0.0   0.101  213.11850  202.970       0         0  -0.001796
207  GBP_JPY 2024-07-22 21:40:00+00:00  202.957  202.972  0.0  0.0   0.114  213.10485  202.957       0         0  -0.003373
208  GBP_JPY 2024-07-22 21:45:00+00:00  202.979  202.960  0.0  0.0   0.076  213.12795  202.979       0         0  -0.002103
209  GBP_JPY 2024-07-22 21:50:00+00:00  202.968  202.978  0.0  0.0   0.080  213.11640  202.968       0         0  -0.000898
210  GBP_JPY 2024-07-22 21:55:00+00:00  202.952  202.970  0.0  0.0   0.089  213.09960  202.952       0         0  -0.006112
2024-07-22 22:10:11 CandleManager() new candle:last_candle:24-07-22 22:05 is_ready:True
2024-07-22 22:10:13 tech_manager: max_rows:213 candle_time:2024-07-22 22:05:00+00:00 granularity:M5
2024-07-22 22:10:13 process_candles:
        PAIR                      time    mid_c    mid_o   SL   TP  SPREAD       GAIN     LOSS  SIGNAL  DECISION  HIST_DIFF
206  GBP_JPY 2024-07-22 21:40:00+00:00  202.957  202.972  0.0  0.0   0.114  213.10485  202.957       0         0  -0.003373
207  GBP_JPY 2024-07-22 21:45:00+00:00  202.979  202.960  0.0  0.0   0.076  213.12795  202.979       0         0  -0.002103
208  GBP_JPY 2024-07-22 21:50:00+00:00  202.968  202.978  0.0  0.0   0.080  213.11640  202.968       0         0  -0.000898
209  GBP_JPY 2024-07-22 21:55:00+00:00  202.952  202.970  0.0  0.0   0.089  213.09960  202.952       0         0  -0.006112
210  GBP_JPY 2024-07-22 22:00:00+00:00  203.030  202.956  0.0  0.0   0.055  213.18150  203.030       0         0  -0.004979
2024-07-22 22:15:01 CandleManager() new candle:last_candle:24-07-22 22:10 is_ready:True
2024-07-22 22:15:02 tech_manager: max_rows:213 candle_time:2024-07-22 22:10:00+00:00 granularity:M5
2024-07-22 22:15:03 process_candles:
        PAIR                      time    mid_c    mid_o   SL   TP  SPREAD       GAIN     LOSS  SIGNAL  DECISION  HIST_DIFF
206  GBP_JPY 2024-07-22 21:45:00+00:00  202.979  202.960  0.0  0.0   0.076  213.12795  202.979       0         0  -0.002103
207  GBP_JPY 2024-07-22 21:50:00+00:00  202.968  202.978  0.0  0.0   0.080  213.11640  202.968       0         0  -0.000898
208  GBP_JPY 2024-07-22 21:55:00+00:00  202.952  202.970  0.0  0.0   0.089  213.09960  202.952       0         0  -0.006112
209  GBP_JPY 2024-07-22 22:00:00+00:00  203.030  202.956  0.0  0.0   0.055  213.18150  203.030       0         0  -0.004979
210  GBP_JPY 2024-07-22 22:05:00+00:00  203.044  203.028  0.0  0.0   0.041  213.19620  203.044       0         0  -0.001958
2024-07-22 22:20:13 CandleManager() new candle:last_candle:24-07-22 22:15 is_ready:True
2024-07-22 22:20:16 tech_manager: max_rows:213 candle_time:2024-07-22 22:15:00+00:00 granularity:M5
2024-07-22 22:20:16 process_candles:
        PAIR                      time    mid_c    mid_o   SL   TP  SPREAD      GAIN     LOSS  SIGNAL  DECISION  HIST_DIFF
206  GBP_JPY 2024-07-22 21:50:00+00:00  202.968  202.978  0.0  0.0   0.080  213.1164  202.968       0         0  -0.000898
207  GBP_JPY 2024-07-22 21:55:00+00:00  202.952  202.970  0.0  0.0   0.089  213.0996  202.952       0         0  -0.006112
208  GBP_JPY 2024-07-22 22:00:00+00:00  203.030  202.956  0.0  0.0   0.055  213.1815  203.030       0         0  -0.004979
209  GBP_JPY 2024-07-22 22:05:00+00:00  203.044  203.028  0.0  0.0   0.041  213.1962  203.044       0         0  -0.001958
210  GBP_JPY 2024-07-22 22:10:00+00:00  203.026  203.045  0.0  0.0   0.045  213.1773  203.026       0         0  -0.002120
