2024-07-22 21:55:13 LogWrapper init() ./logs/NZD_USD.log
2024-07-22 21:55:13 {'n_ma': 12, 'n_std': 2.5, 'maxspread': 0.0004, 'mingain': 0.0006, 'riskreward': 1.5}
2024-07-22 21:55:15 CandleManager() init last_candle:last_candle:24-07-22 21:50 is_ready:False
2024-07-22 22:00:04 CandleManager() new candle:last_candle:24-07-22 21:55 is_ready:True
2024-07-22 22:00:08 tech_manager: max_rows:213 candle_time:2024-07-22 21:55:00+00:00 granularity:M5
2024-07-22 22:00:08 process_candles:
        PAIR                      time    mid_c    mid_o   SL   TP   SPREAD      GAIN     LOSS  SIGNAL  DECISION     HIST_DIFF
206  NZD_USD 2024-07-22 21:30:00+00:00  0.59773  0.59811  0.0  0.0  0.00032  0.627617  0.59773       0         0  7.385493e-06
207  NZD_USD 2024-07-22 21:35:00+00:00  0.59785  0.59783  0.0  0.0  0.00028  0.627742  0.59785       0         0 -3.624443e-06
208  NZD_USD 2024-07-22 21:40:00+00:00  0.59798  0.59786  0.0  0.0  0.00023  0.627879  0.59798       0         0 -7.152716e-06
209  NZD_USD 2024-07-22 21:45:00+00:00  0.59806  0.59796  0.0  0.0  0.00023  0.627963  0.59806       0         0  5.914010e-07
210  NZD_USD 2024-07-22 21:50:00+00:00  0.59799  0.59808  0.0  0.0  0.00022  0.627890  0.59799       0         0  2.868170e-06
2024-07-22 22:05:08 CandleManager() new candle:last_candle:24-07-22 22:00 is_ready:True
2024-07-22 22:05:12 tech_manager: max_rows:213 candle_time:2024-07-22 22:00:00+00:00 granularity:M5
2024-07-22 22:05:12 process_candles:
        PAIR                      time    mid_c    mid_o   SL   TP   SPREAD      GAIN     LOSS  SIGNAL  DECISION     HIST_DIFF
206  NZD_USD 2024-07-22 21:35:00+00:00  0.59785  0.59783  0.0  0.0  0.00028  0.627742  0.59785       0         0 -3.624444e-06
207  NZD_USD 2024-07-22 21:40:00+00:00  0.59798  0.59786  0.0  0.0  0.00023  0.627879  0.59798       0         0 -7.152716e-06
208  NZD_USD 2024-07-22 21:45:00+00:00  0.59806  0.59796  0.0  0.0  0.00023  0.627963  0.59806       0         0  5.914005e-07
209  NZD_USD 2024-07-22 21:50:00+00:00  0.59799  0.59808  0.0  0.0  0.00022  0.627890  0.59799       0         0  2.868170e-06
210  NZD_USD 2024-07-22 21:55:00+00:00  0.59796  0.59800  0.0  0.0  0.00022  0.627858  0.59796       0         0  1.499393e-05
2024-07-22 22:10:12 CandleManager() new candle:last_candle:24-07-22 22:05 is_ready:True
2024-07-22 22:10:16 tech_manager: max_rows:213 candle_time:2024-07-22 22:05:00+00:00 granularity:M5
2024-07-22 22:10:16 process_candles:
        PAIR                      time    mid_c    mid_o   SL   TP   SPREAD      GAIN     LOSS  SIGNAL  DECISION     HIST_DIFF
207  NZD_USD 2024-07-22 21:40:00+00:00  0.59798  0.59786  0.0  0.0  0.00023  0.627879  0.59798       0         0 -7.152716e-06
208  NZD_USD 2024-07-22 21:45:00+00:00  0.59806  0.59796  0.0  0.0  0.00023  0.627963  0.59806       0         0  5.914005e-07
209  NZD_USD 2024-07-22 21:50:00+00:00  0.59799  0.59808  0.0  0.0  0.00022  0.627890  0.59799       0         0  2.868170e-06
210  NZD_USD 2024-07-22 21:55:00+00:00  0.59796  0.59800  0.0  0.0  0.00022  0.627858  0.59796       0         0  1.499393e-05
211  NZD_USD 2024-07-22 22:00:00+00:00  0.59776  0.59801  0.0  0.0  0.00019  0.627648  0.59776       0         0  1.352369e-06
2024-07-22 22:15:02 CandleManager() new candle:last_candle:24-07-22 22:10 is_ready:True
2024-07-22 22:15:04 tech_manager: max_rows:213 candle_time:2024-07-22 22:10:00+00:00 granularity:M5
2024-07-22 22:15:05 process_candles:
        PAIR                      time    mid_c    mid_o   SL   TP   SPREAD      GAIN     LOSS  SIGNAL  DECISION     HIST_DIFF
206  NZD_USD 2024-07-22 21:45:00+00:00  0.59806  0.59796  0.0  0.0  0.00023  0.627963  0.59806       0         0  5.913993e-07
207  NZD_USD 2024-07-22 21:50:00+00:00  0.59799  0.59808  0.0  0.0  0.00022  0.627890  0.59799       0         0  2.868168e-06
208  NZD_USD 2024-07-22 21:55:00+00:00  0.59796  0.59800  0.0  0.0  0.00022  0.627858  0.59796       0         0  1.499393e-05
209  NZD_USD 2024-07-22 22:00:00+00:00  0.59776  0.59801  0.0  0.0  0.00019  0.627648  0.59776       0         0  1.352368e-06
210  NZD_USD 2024-07-22 22:05:00+00:00  0.59788  0.59776  0.0  0.0  0.00016  0.627774  0.59788       0         0 -9.242045e-07
2024-07-22 22:20:15 CandleManager() new candle:last_candle:24-07-22 22:15 is_ready:True
2024-07-22 22:20:17 tech_manager: max_rows:213 candle_time:2024-07-22 22:15:00+00:00 granularity:M5
2024-07-22 22:20:18 process_candles:
        PAIR                      time    mid_c    mid_o   SL   TP   SPREAD      GAIN     LOSS  SIGNAL  DECISION     HIST_DIFF
207  NZD_USD 2024-07-22 21:50:00+00:00  0.59799  0.59808  0.0  0.0  0.00022  0.627890  0.59799       0         0  2.868168e-06
208  NZD_USD 2024-07-22 21:55:00+00:00  0.59796  0.59800  0.0  0.0  0.00022  0.627858  0.59796       0         0  1.499393e-05
209  NZD_USD 2024-07-22 22:00:00+00:00  0.59776  0.59801  0.0  0.0  0.00019  0.627648  0.59776       0         0  1.352368e-06
210  NZD_USD 2024-07-22 22:05:00+00:00  0.59788  0.59776  0.0  0.0  0.00016  0.627774  0.59788       0         0 -9.242045e-07
211  NZD_USD 2024-07-22 22:10:00+00:00  0.59790  0.59788  0.0  0.0  0.00017  0.627795  0.59790       0         0 -1.699563e-06
