2024-07-22 21:55:13 LogWrapper init() ./logs/USD_CAD.log
2024-07-22 21:55:13 {'n_ma': 12, 'n_std': 2.5, 'maxspread': 0.0004, 'mingain': 0.0006, 'riskreward': 1.5}
2024-07-22 21:55:15 CandleManager() init last_candle:last_candle:24-07-22 21:50 is_ready:False
2024-07-22 22:00:03 CandleManager() new candle:last_candle:24-07-22 21:55 is_ready:True
2024-07-22 22:00:07 tech_manager: max_rows:213 candle_time:2024-07-22 21:55:00+00:00 granularity:M5
2024-07-22 22:00:08 process_candles:
        PAIR                      time    mid_c    mid_o   SL   TP   SPREAD      GAIN     LOSS  SIGNAL  DECISION     HIST_DIFF
206  USD_CAD 2024-07-22 21:30:00+00:00  1.37564  1.37572  0.0  0.0  0.00043  1.444422  1.37564       0         0  1.078914e-05
207  USD_CAD 2024-07-22 21:35:00+00:00  1.37552  1.37564  0.0  0.0  0.00033  1.444296  1.37552       0         0  6.437133e-06
208  USD_CAD 2024-07-22 21:40:00+00:00  1.37552  1.37556  0.0  0.0  0.00025  1.444296  1.37552       0         0 -1.159027e-06
209  USD_CAD 2024-07-22 21:45:00+00:00  1.37559  1.37547  0.0  0.0  0.00032  1.444370  1.37559       0         0 -5.282304e-06
210  USD_CAD 2024-07-22 21:50:00+00:00  1.37565  1.37560  0.0  0.0  0.00030  1.444433  1.37565       0         0 -6.188902e-07
2024-07-22 22:05:07 CandleManager() new candle:last_candle:24-07-22 22:00 is_ready:True
2024-07-22 22:05:12 tech_manager: max_rows:213 candle_time:2024-07-22 22:00:00+00:00 granularity:M5
2024-07-22 22:05:12 process_candles:
        PAIR                      time    mid_c    mid_o   SL   TP   SPREAD      GAIN     LOSS  SIGNAL  DECISION     HIST_DIFF
206  USD_CAD 2024-07-22 21:35:00+00:00  1.37552  1.37564  0.0  0.0  0.00033  1.444296  1.37552       0         0  6.437133e-06
207  USD_CAD 2024-07-22 21:40:00+00:00  1.37552  1.37556  0.0  0.0  0.00025  1.444296  1.37552       0         0 -1.159027e-06
208  USD_CAD 2024-07-22 21:45:00+00:00  1.37559  1.37547  0.0  0.0  0.00032  1.444370  1.37559       0         0 -5.282303e-06
209  USD_CAD 2024-07-22 21:50:00+00:00  1.37565  1.37560  0.0  0.0  0.00030  1.444433  1.37565       0         0 -6.188897e-07
210  USD_CAD 2024-07-22 21:55:00+00:00  1.37560  1.37562  0.0  0.0  0.00031  1.444380  1.37560       0         0  9.308798e-06
2024-07-22 22:10:12 CandleManager() new candle:last_candle:24-07-22 22:05 is_ready:True
2024-07-22 22:10:16 tech_manager: max_rows:213 candle_time:2024-07-22 22:05:00+00:00 granularity:M5
2024-07-22 22:10:16 process_candles:
        PAIR                      time    mid_c    mid_o   SL   TP   SPREAD      GAIN     LOSS  SIGNAL  DECISION     HIST_DIFF
206  USD_CAD 2024-07-22 21:40:00+00:00  1.37552  1.37556  0.0  0.0  0.00025  1.444296  1.37552       0         0 -1.159026e-06
207  USD_CAD 2024-07-22 21:45:00+00:00  1.37559  1.37547  0.0  0.0  0.00032  1.444370  1.37559       0         0 -5.282303e-06
208  USD_CAD 2024-07-22 21:50:00+00:00  1.37565  1.37560  0.0  0.0  0.00030  1.444433  1.37565       0         0 -6.188891e-07
209  USD_CAD 2024-07-22 21:55:00+00:00  1.37560  1.37562  0.0  0.0  0.00031  1.444380  1.37560       0         0  9.308798e-06
210  USD_CAD 2024-07-22 22:00:00+00:00  1.37544  1.37564  0.0  0.0  0.00031  1.444212  1.37544       0         0  2.849091e-06
2024-07-22 22:15:02 CandleManager() new candle:last_candle:24-07-22 22:10 is_ready:True
2024-07-22 22:15:04 tech_manager: max_rows:213 candle_time:2024-07-22 22:10:00+00:00 granularity:M5
2024-07-22 22:15:04 process_candles:
        PAIR                      time    mid_c    mid_o   SL   TP   SPREAD      GAIN     LOSS  SIGNAL  DECISION     HIST_DIFF
206  USD_CAD 2024-07-22 21:45:00+00:00  1.37559  1.37547  0.0  0.0  0.00032  1.444370  1.37559       0         0 -5.282302e-06
207  USD_CAD 2024-07-22 21:50:00+00:00  1.37565  1.37560  0.0  0.0  0.00030  1.444433  1.37565       0         0 -6.188885e-07
208  USD_CAD 2024-07-22 21:55:00+00:00  1.37560  1.37562  0.0  0.0  0.00031  1.444380  1.37560       0         0  9.308799e-06
209  USD_CAD 2024-07-22 22:00:00+00:00  1.37544  1.37564  0.0  0.0  0.00031  1.444212  1.37544       0         0  2.849091e-06
210  USD_CAD 2024-07-22 22:05:00+00:00  1.37547  1.37542  0.0  0.0  0.00020  1.444244  1.37547       0         0  1.128278e-06
2024-07-22 22:20:15 CandleManager() new candle:last_candle:24-07-22 22:15 is_ready:True
2024-07-22 22:20:17 tech_manager: max_rows:213 candle_time:2024-07-22 22:15:00+00:00 granularity:M5
2024-07-22 22:20:17 process_candles:
        PAIR                      time    mid_c    mid_o   SL   TP   SPREAD      GAIN     LOSS  SIGNAL  DECISION     HIST_DIFF
207  USD_CAD 2024-07-22 21:50:00+00:00  1.37565  1.37560  0.0  0.0  0.00030  1.444433  1.37565       0         0 -6.188885e-07
208  USD_CAD 2024-07-22 21:55:00+00:00  1.37560  1.37562  0.0  0.0  0.00031  1.444380  1.37560       0         0  9.308799e-06
209  USD_CAD 2024-07-22 22:00:00+00:00  1.37544  1.37564  0.0  0.0  0.00031  1.444212  1.37544       0         0  2.849091e-06
210  USD_CAD 2024-07-22 22:05:00+00:00  1.37547  1.37542  0.0  0.0  0.00020  1.444244  1.37547       0         0  1.128278e-06
211  USD_CAD 2024-07-22 22:10:00+00:00  1.37546  1.37548  0.0  0.0  0.00020  1.444233  1.37546       0         0  5.508193e-07
