2024-07-22 21:55:13 LogWrapper init() ./logs/USD_JPY.log
2024-07-22 21:55:13 {'n_ma': 12, 'n_std': 2.5, 'maxspread': 0.04, 'mingain': 0.06, 'riskreward': 1.5}
2024-07-22 21:55:15 CandleManager() init last_candle:last_candle:24-07-22 21:45 is_ready:False
2024-07-22 22:00:03 CandleManager() new candle:last_candle:24-07-22 21:55 is_ready:True
2024-07-22 22:00:06 tech_manager: max_rows:213 candle_time:2024-07-22 21:55:00+00:00 granularity:M5
2024-07-22 22:00:06 process_candles:
        PAIR                      time    mid_c    mid_o   SL   TP  SPREAD      GAIN     LOSS  SIGNAL  DECISION  HIST_DIFF
206  USD_JPY 2024-07-22 21:25:00+00:00  156.950  156.951  0.0  0.0   0.035  164.7975  156.950       0         0  -0.001752
207  USD_JPY 2024-07-22 21:30:00+00:00  156.950  156.948  0.0  0.0   0.040  164.7975  156.950       0         0  -0.002206
208  USD_JPY 2024-07-22 21:35:00+00:00  156.954  156.950  0.0  0.0   0.039  164.8017  156.954       0         0  -0.002013
209  USD_JPY 2024-07-22 21:40:00+00:00  156.952  156.953  0.0  0.0   0.037  164.7996  156.952       0         0  -0.002314
210  USD_JPY 2024-07-22 21:45:00+00:00  156.958  156.956  0.0  0.0   0.035  164.8059  156.958       0         0  -0.001946
2024-07-22 22:05:07 CandleManager() new candle:last_candle:24-07-22 22:00 is_ready:True
2024-07-22 22:05:10 tech_manager: max_rows:213 candle_time:2024-07-22 22:00:00+00:00 granularity:M5
2024-07-22 22:05:11 process_candles:
        PAIR                      time    mid_c    mid_o   SL   TP  SPREAD       GAIN     LOSS  SIGNAL  DECISION  HIST_DIFF
206  USD_JPY 2024-07-22 21:30:00+00:00  156.950  156.948  0.0  0.0   0.040  164.79750  156.950       0         0  -0.002206
207  USD_JPY 2024-07-22 21:35:00+00:00  156.954  156.950  0.0  0.0   0.039  164.80170  156.954       0         0  -0.002013
208  USD_JPY 2024-07-22 21:40:00+00:00  156.952  156.953  0.0  0.0   0.037  164.79960  156.952       0         0  -0.002314
209  USD_JPY 2024-07-22 21:45:00+00:00  156.958  156.956  0.0  0.0   0.035  164.80590  156.958       0         0  -0.001946
210  USD_JPY 2024-07-22 21:55:00+00:00  156.957  156.959  0.0  0.0   0.036  164.80485  156.957       0         0  -0.003790
2024-07-22 22:10:11 CandleManager() new candle:last_candle:24-07-22 22:05 is_ready:True
2024-07-22 22:10:14 tech_manager: max_rows:213 candle_time:2024-07-22 22:05:00+00:00 granularity:M5
2024-07-22 22:10:15 process_candles:
        PAIR                      time    mid_c    mid_o   SL   TP  SPREAD       GAIN     LOSS  SIGNAL  DECISION  HIST_DIFF
206  USD_JPY 2024-07-22 21:35:00+00:00  156.954  156.950  0.0  0.0   0.039  164.80170  156.954       0         0  -0.002013
207  USD_JPY 2024-07-22 21:40:00+00:00  156.952  156.953  0.0  0.0   0.037  164.79960  156.952       0         0  -0.002314
208  USD_JPY 2024-07-22 21:45:00+00:00  156.958  156.956  0.0  0.0   0.035  164.80590  156.958       0         0  -0.001946
209  USD_JPY 2024-07-22 21:55:00+00:00  156.957  156.959  0.0  0.0   0.036  164.80485  156.957       0         0  -0.003790
210  USD_JPY 2024-07-22 22:00:00+00:00  156.990  156.963  0.0  0.0   0.029  164.83950  156.990       0         0  -0.003151
2024-07-22 22:15:01 CandleManager() new candle:last_candle:24-07-22 22:10 is_ready:True
2024-07-22 22:15:03 tech_manager: max_rows:213 candle_time:2024-07-22 22:10:00+00:00 granularity:M5
2024-07-22 22:15:04 process_candles:
        PAIR                      time    mid_c    mid_o   SL   TP  SPREAD       GAIN     LOSS  SIGNAL  DECISION  HIST_DIFF
206  USD_JPY 2024-07-22 21:40:00+00:00  156.952  156.953  0.0  0.0   0.037  164.79960  156.952       0         0  -0.002314
207  USD_JPY 2024-07-22 21:45:00+00:00  156.958  156.956  0.0  0.0   0.035  164.80590  156.958       0         0  -0.001946
208  USD_JPY 2024-07-22 21:55:00+00:00  156.957  156.959  0.0  0.0   0.036  164.80485  156.957       0         0  -0.003790
209  USD_JPY 2024-07-22 22:00:00+00:00  156.990  156.963  0.0  0.0   0.029  164.83950  156.990       0         0  -0.003151
210  USD_JPY 2024-07-22 22:05:00+00:00  156.998  156.991  0.0  0.0   0.023  164.84790  156.998       0         0  -0.001172
2024-07-22 22:20:01 CandleManager() new candle:last_candle:24-07-22 22:15 is_ready:True
2024-07-22 22:20:02 tech_manager: max_rows:213 candle_time:2024-07-22 22:15:00+00:00 granularity:M5
2024-07-22 22:20:03 process_candles:
        PAIR                      time    mid_c    mid_o   SL   TP  SPREAD       GAIN     LOSS  SIGNAL  DECISION  HIST_DIFF
206  USD_JPY 2024-07-22 21:45:00+00:00  156.958  156.956  0.0  0.0   0.035  164.80590  156.958       0         0  -0.001946
207  USD_JPY 2024-07-22 21:55:00+00:00  156.957  156.959  0.0  0.0   0.036  164.80485  156.957       0         0  -0.003790
208  USD_JPY 2024-07-22 22:00:00+00:00  156.990  156.963  0.0  0.0   0.029  164.83950  156.990       0         0  -0.003151
209  USD_JPY 2024-07-22 22:05:00+00:00  156.998  156.991  0.0  0.0   0.023  164.84790  156.998       0         0  -0.001172
210  USD_JPY 2024-07-22 22:10:00+00:00  156.984  157.000  0.0  0.0   0.029  164.83320  156.984       0         0  -0.001517
