2024-07-22 21:55:13 LogWrapper init() ./logs/USD_CHF.log
2024-07-22 21:55:13 {'n_ma': 12, 'n_std': 2.5, 'maxspread': 0.0004, 'mingain': 0.0006, 'riskreward': 1.5}
2024-07-22 21:55:15 CandleManager() init last_candle:last_candle:24-07-22 21:50 is_ready:False
2024-07-22 22:00:03 CandleManager() new candle:last_candle:24-07-22 21:55 is_ready:True
2024-07-22 22:00:06 tech_manager: max_rows:213 candle_time:2024-07-22 21:55:00+00:00 granularity:M5
2024-07-22 22:00:07 process_candles:
        PAIR                      time    mid_c    mid_o   SL   TP   SPREAD      GAIN     LOSS  SIGNAL  DECISION     HIST_DIFF
206  USD_CHF 2024-07-22 21:30:00+00:00  0.88950  0.88960  0.0  0.0  0.00088  0.933975  0.88950       0         0 -9.533062e-06
207  USD_CHF 2024-07-22 21:35:00+00:00  0.88959  0.88952  0.0  0.0  0.00076  0.934069  0.88959       0         0  1.713133e-06
208  USD_CHF 2024-07-22 21:40:00+00:00  0.88946  0.88960  0.0  0.0  0.00059  0.933933  0.88946       0         0  3.577824e-07
209  USD_CHF 2024-07-22 21:45:00+00:00  0.88946  0.88942  0.0  0.0  0.00067  0.933933  0.88946       0         0 -1.074027e-05
210  USD_CHF 2024-07-22 21:50:00+00:00  0.88962  0.88944  0.0  0.0  0.00036  0.934101  0.88962       0         0 -1.329871e-05
2024-07-22 22:05:07 CandleManager() new candle:last_candle:24-07-22 22:00 is_ready:True
2024-07-22 22:05:11 tech_manager: max_rows:213 candle_time:2024-07-22 22:00:00+00:00 granularity:M5
2024-07-22 22:05:11 process_candles:
        PAIR                      time    mid_c    mid_o   SL   TP   SPREAD      GAIN     LOSS  SIGNAL  DECISION     HIST_DIFF
206  USD_CHF 2024-07-22 21:35:00+00:00  0.88959  0.88952  0.0  0.0  0.00076  0.934069  0.88959       0         0  1.713134e-06
207  USD_CHF 2024-07-22 21:40:00+00:00  0.88946  0.88960  0.0  0.0  0.00059  0.933933  0.88946       0         0  3.577828e-07
208  USD_CHF 2024-07-22 21:45:00+00:00  0.88946  0.88942  0.0  0.0  0.00067  0.933933  0.88946       0         0 -1.074027e-05
209  USD_CHF 2024-07-22 21:50:00+00:00  0.88962  0.88944  0.0  0.0  0.00036  0.934101  0.88962       0         0 -1.329871e-05
210  USD_CHF 2024-07-22 21:55:00+00:00  0.88972  0.88962  0.0  0.0  0.00038  0.934206  0.88972       0         0  4.337791e-06
2024-07-22 22:10:11 CandleManager() new candle:last_candle:24-07-22 22:05 is_ready:True
2024-07-22 22:10:15 tech_manager: max_rows:213 candle_time:2024-07-22 22:05:00+00:00 granularity:M5
2024-07-22 22:10:15 process_candles:
        PAIR                      time    mid_c    mid_o   SL   TP   SPREAD      GAIN     LOSS  SIGNAL  DECISION     HIST_DIFF
206  USD_CHF 2024-07-22 21:40:00+00:00  0.88946  0.88960  0.0  0.0  0.00059  0.933933  0.88946       0         0  3.577832e-07
207  USD_CHF 2024-07-22 21:45:00+00:00  0.88946  0.88942  0.0  0.0  0.00067  0.933933  0.88946       0         0 -1.074027e-05
208  USD_CHF 2024-07-22 21:50:00+00:00  0.88962  0.88944  0.0  0.0  0.00036  0.934101  0.88962       0         0 -1.329871e-05
209  USD_CHF 2024-07-22 21:55:00+00:00  0.88972  0.88962  0.0  0.0  0.00038  0.934206  0.88972       0         0  4.337792e-06
210  USD_CHF 2024-07-22 22:00:00+00:00  0.88953  0.88956  0.0  0.0  0.00020  0.934007  0.88953       0         0  1.150673e-06
2024-07-22 22:15:16 CandleManager() new candle:last_candle:24-07-22 22:10 is_ready:True
2024-07-22 22:15:18 tech_manager: max_rows:213 candle_time:2024-07-22 22:10:00+00:00 granularity:M5
2024-07-22 22:15:18 process_candles:
        PAIR                      time    mid_c    mid_o   SL   TP   SPREAD      GAIN     LOSS  SIGNAL  DECISION  HIST_DIFF
206  USD_CHF 2024-07-22 21:45:00+00:00  0.88946  0.88942  0.0  0.0  0.00067  0.933933  0.88946       0         0  -0.000011
207  USD_CHF 2024-07-22 21:50:00+00:00  0.88962  0.88944  0.0  0.0  0.00036  0.934101  0.88962       0         0  -0.000013
208  USD_CHF 2024-07-22 21:55:00+00:00  0.88972  0.88962  0.0  0.0  0.00038  0.934206  0.88972       0         0   0.000004
209  USD_CHF 2024-07-22 22:00:00+00:00  0.88953  0.88956  0.0  0.0  0.00020  0.934007  0.88953       0         0   0.000001
210  USD_CHF 2024-07-22 22:05:00+00:00  0.88956  0.88956  0.0  0.0  0.00016  0.934038  0.88956       0         0  -0.000005
2024-07-22 22:20:01 CandleManager() new candle:last_candle:24-07-22 22:15 is_ready:True
2024-07-22 22:20:03 tech_manager: max_rows:213 candle_time:2024-07-22 22:15:00+00:00 granularity:M5
2024-07-22 22:20:03 process_candles:
        PAIR                      time    mid_c    mid_o   SL   TP   SPREAD      GAIN     LOSS  SIGNAL  DECISION  HIST_DIFF
206  USD_CHF 2024-07-22 21:50:00+00:00  0.88962  0.88944  0.0  0.0  0.00036  0.934101  0.88962       0         0  -0.000013
207  USD_CHF 2024-07-22 21:55:00+00:00  0.88972  0.88962  0.0  0.0  0.00038  0.934206  0.88972       0         0   0.000004
208  USD_CHF 2024-07-22 22:00:00+00:00  0.88953  0.88956  0.0  0.0  0.00020  0.934007  0.88953       0         0   0.000001
209  USD_CHF 2024-07-22 22:05:00+00:00  0.88956  0.88956  0.0  0.0  0.00016  0.934038  0.88956       0         0  -0.000005
210  USD_CHF 2024-07-22 22:10:00+00:00  0.88966  0.88958  0.0  0.0  0.00015  0.934143  0.88966       0         0  -0.000006
